app/api/badges/route.ts(40,33): error TS7006: Parameter 'badge' implicitly has an 'any' type.
app/api/user/[userId]/route.ts(84,48): error TS7006: Parameter 'ub' implicitly has an 'any' type.
app/api/webhooks/route.ts(26,10): error TS2352: Conversion of type 'Invoice | Membership | Entry | CourseLessonInteraction | Payment' to type '{ [key: string]: unknown; user_id?: string | undefined; company_id?: string | undefined; }' may be a mistake because neither type sufficiently overlaps with the other. If this was intentional, convert the expression to 'unknown' first.
  Type 'Payment' is not comparable to type '{ [key: string]: unknown; user_id?: string | undefined; company_id?: string | undefined; }'.
    Index signature for type 'string' is missing in type 'Payment'.
app/dashboard/[companyId]/page.tsx(139,24): error TS7006: Parameter 'user' implicitly has an 'any' type.
app/dashboard/[companyId]/page.tsx(139,30): error TS7006: Parameter 'index' implicitly has an 'any' type.
app/dashboard/[companyId]/page.tsx(173,28): error TS7006: Parameter 'event' implicitly has an 'any' type.
app/experiences/[experienceId]/page.tsx(23,31): error TS2551: Property 'company_id' does not exist on type 'Experience'. Did you mean 'company'?
app/experiences/[experienceId]/page.tsx(145,32): error TS7006: Parameter 'ub' implicitly has an 'any' type.
app/experiences/[experienceId]/page.tsx(171,22): error TS7006: Parameter 'u' implicitly has an 'any' type.
app/experiences/[experienceId]/page.tsx(171,25): error TS7006: Parameter 'index' implicitly has an 'any' type.
lib/prisma.ts(1,10): error TS2305: Module '"@prisma/client"' has no exported member 'PrismaClient'.
lib/rule-engine.ts(193,23): error TS7006: Parameter 'user' implicitly has an 'any' type.
lib/rule-engine.ts(193,29): error TS7006: Parameter 'index' implicitly has an 'any' type.
